<html>
<body>
<pre>
<h1>µVision Build Log</h1>
<h2>Project:</h2>
D:\Aravind\Sem3\Microcontrollers and Interfacing Techniques\lab\room2.uvproj
Project File Date:  12/14/2023

<h2>Output:</h2>
Build target 'Target 1'
compiling room2.c...
room2.c(152): warning:  #111-D: statement is unreachable
room2.c(153): warning:  #1-D: last line of file ends without a newline
linking...
Program Size: Code=2044 RO-data=16 RW-data=0 ZI-data=1256  
FromELF: creating hex file...
"room2.axf" - 0 Error(s), 2 Warning(s).
Build target 'Target 1'
linking...
Program Size: Code=2044 RO-data=16 RW-data=0 ZI-data=1256  
FromELF: creating hex file...
"room2.axf" - 0 Error(s), 0 Warning(s).
Build target 'Target 1'
linking...
Program Size: Code=2044 RO-data=16 RW-data=0 ZI-data=1256  
FromELF: creating hex file...
"room2.axf" - 0 Error(s), 0 Warning(s).
Build target 'Target 1'
linking...
Program Size: Code=2044 RO-data=16 RW-data=0 ZI-data=1256  
FromELF: creating hex file...
"room2.axf" - 0 Error(s), 0 Warning(s).
Build target 'Target 1'
linking...
Program Size: Code=2044 RO-data=16 RW-data=0 ZI-data=1256  
FromELF: creating hex file...
"room2.axf" - 0 Error(s), 0 Warning(s).
Build target 'Target 1'
compiling room2.c...
room2.c(153): warning:  #111-D: statement is unreachable
room2.c(154): warning:  #1-D: last line of file ends without a newline
linking...
Program Size: Code=2064 RO-data=16 RW-data=0 ZI-data=1256  
FromELF: creating hex file...
"room2.axf" - 0 Error(s), 2 Warning(s).
Build target 'Target 1'
linking...
Program Size: Code=2064 RO-data=16 RW-data=0 ZI-data=1256  
FromELF: creating hex file...
"room2.axf" - 0 Error(s), 0 Warning(s).
Build target 'Target 1'
linking...
Program Size: Code=2064 RO-data=16 RW-data=0 ZI-data=1256  
FromELF: creating hex file...
"room2.axf" - 0 Error(s), 0 Warning(s).
Build target 'Target 1'
linking...
Program Size: Code=2064 RO-data=16 RW-data=0 ZI-data=1256  
FromELF: creating hex file...
"room2.axf" - 0 Error(s), 0 Warning(s).
Build target 'Target 1'
linking...
Program Size: Code=2064 RO-data=16 RW-data=0 ZI-data=1256  
FromELF: creating hex file...
"room2.axf" - 0 Error(s), 0 Warning(s).
Build target 'Target 1'
linking...
Program Size: Code=2064 RO-data=16 RW-data=0 ZI-data=1256  
FromELF: creating hex file...
"room2.axf" - 0 Error(s), 0 Warning(s).
Build target 'Target 1'
linking...
Program Size: Code=2064 RO-data=16 RW-data=0 ZI-data=1256  
FromELF: creating hex file...
"room2.axf" - 0 Error(s), 0 Warning(s).
Build target 'Target 1'
linking...
Program Size: Code=2064 RO-data=16 RW-data=0 ZI-data=1256  
FromELF: creating hex file...
"room2.axf" - 0 Error(s), 0 Warning(s).
Build target 'Target 1'
linking...
Program Size: Code=2064 RO-data=16 RW-data=0 ZI-data=1256  
FromELF: creating hex file...
"room2.axf" - 0 Error(s), 0 Warning(s).
Build target 'Target 1'
linking...
Program Size: Code=2064 RO-data=16 RW-data=0 ZI-data=1256  
FromELF: creating hex file...
"room2.axf" - 0 Error(s), 0 Warning(s).
Build target 'Target 1'
linking...
Program Size: Code=2064 RO-data=16 RW-data=0 ZI-data=1256  
FromELF: creating hex file...
"room2.axf" - 0 Error(s), 0 Warning(s).
Build target 'Target 1'
linking...
Program Size: Code=2064 RO-data=16 RW-data=0 ZI-data=1256  
FromELF: creating hex file...
"room2.axf" - 0 Error(s), 0 Warning(s).
Build target 'Target 1'
linking...
Program Size: Code=2064 RO-data=16 RW-data=0 ZI-data=1256  
FromELF: creating hex file...
"room2.axf" - 0 Error(s), 0 Warning(s).
Build target 'Target 1'
linking...
Program Size: Code=2064 RO-data=16 RW-data=0 ZI-data=1256  
FromELF: creating hex file...
"room2.axf" - 0 Error(s), 0 Warning(s).
Build target 'Target 1'
linking...
Program Size: Code=2064 RO-data=16 RW-data=0 ZI-data=1256  
FromELF: creating hex file...
"room2.axf" - 0 Error(s), 0 Warning(s).
Build target 'Target 1'
linking...
Program Size: Code=2064 RO-data=16 RW-data=0 ZI-data=1256  
FromELF: creating hex file...
"room2.axf" - 0 Error(s), 0 Warning(s).
Build target 'Target 1'
linking...
Program Size: Code=2064 RO-data=16 RW-data=0 ZI-data=1256  
FromELF: creating hex file...
"room2.axf" - 0 Error(s), 0 Warning(s).
Build target 'Target 1'
compiling room2.c...
room2.c(153): warning:  #111-D: statement is unreachable
room2.c(154): warning:  #1-D: last line of file ends without a newline
linking...
Program Size: Code=2060 RO-data=16 RW-data=0 ZI-data=1256  
FromELF: creating hex file...
"room2.axf" - 0 Error(s), 2 Warning(s).
Build target 'Target 1'
linking...
Program Size: Code=2060 RO-data=16 RW-data=0 ZI-data=1256  
FromELF: creating hex file...
"room2.axf" - 0 Error(s), 0 Warning(s).
Build target 'Target 1'
linking...
Program Size: Code=2060 RO-data=16 RW-data=0 ZI-data=1256  
FromELF: creating hex file...
"room2.axf" - 0 Error(s), 0 Warning(s).
Build target 'Target 1'
linking...
Program Size: Code=2060 RO-data=16 RW-data=0 ZI-data=1256  
FromELF: creating hex file...
"room2.axf" - 0 Error(s), 0 Warning(s).
Build target 'Target 1'
linking...
Program Size: Code=2060 RO-data=16 RW-data=0 ZI-data=1256  
FromELF: creating hex file...
"room2.axf" - 0 Error(s), 0 Warning(s).
Build target 'Target 1'
linking...
Program Size: Code=2060 RO-data=16 RW-data=0 ZI-data=1256  
FromELF: creating hex file...
"room2.axf" - 0 Error(s), 0 Warning(s).
Build target 'Target 1'
compiling room2.c...
room2.c(153): warning:  #111-D: statement is unreachable
linking...
Program Size: Code=2060 RO-data=16 RW-data=0 ZI-data=1256  
FromELF: creating hex file...
"room2.axf" - 0 Error(s), 1 Warning(s).
Build target 'Target 1'
linking...
Program Size: Code=2060 RO-data=16 RW-data=0 ZI-data=1256  
FromELF: creating hex file...
"room2.axf" - 0 Error(s), 0 Warning(s).
Build target 'Target 1'
linking...
Program Size: Code=2060 RO-data=16 RW-data=0 ZI-data=1256  
FromELF: creating hex file...
"room2.axf" - 0 Error(s), 0 Warning(s).
Build target 'Target 1'
linking...
Program Size: Code=2060 RO-data=16 RW-data=0 ZI-data=1256  
FromELF: creating hex file...
"room2.axf" - 0 Error(s), 0 Warning(s).
Build target 'Target 1'
compiling room2.c...
room2.c(115): warning:  #111-D: statement is unreachable
linking...
Program Size: Code=4568 RO-data=44 RW-data=12 ZI-data=1500  
FromELF: creating hex file...
"room2.axf" - 0 Error(s), 1 Warning(s).
Build target 'Target 1'
linking...
Program Size: Code=4568 RO-data=44 RW-data=12 ZI-data=1500  
FromELF: creating hex file...
"room2.axf" - 0 Error(s), 0 Warning(s).
Build target 'Target 1'
linking...
Program Size: Code=4568 RO-data=44 RW-data=12 ZI-data=1500  
FromELF: creating hex file...
"room2.axf" - 0 Error(s), 0 Warning(s).
Build target 'Target 1'
linking...
Program Size: Code=4568 RO-data=44 RW-data=12 ZI-data=1500  
FromELF: creating hex file...
"room2.axf" - 0 Error(s), 0 Warning(s).
Build target 'Target 1'
linking...
Program Size: Code=4568 RO-data=44 RW-data=12 ZI-data=1500  
FromELF: creating hex file...
"room2.axf" - 0 Error(s), 0 Warning(s).
Build target 'Target 1'
compiling room2.c...
room2.c(80): warning:  #111-D: statement is unreachable
room2.c(46): warning:  #177-D: variable "hour" was declared but never referenced
room2.c(46): warning:  #177-D: variable "minute" was declared but never referenced
room2.c(48): warning:  #177-D: variable "buffer" was declared but never referenced
linking...
Program Size: Code=4288 RO-data=44 RW-data=12 ZI-data=1500  
FromELF: creating hex file...
"room2.axf" - 0 Error(s), 4 Warning(s).
Build target 'Target 1'
linking...
Program Size: Code=4288 RO-data=44 RW-data=12 ZI-data=1500  
FromELF: creating hex file...
"room2.axf" - 0 Error(s), 0 Warning(s).
Build target 'Target 1'
linking...
Program Size: Code=4288 RO-data=44 RW-data=12 ZI-data=1500  
FromELF: creating hex file...
"room2.axf" - 0 Error(s), 0 Warning(s).
Build target 'Target 1'
linking...
Program Size: Code=4288 RO-data=44 RW-data=12 ZI-data=1500  
FromELF: creating hex file...
"room2.axf" - 0 Error(s), 0 Warning(s).
Build target 'Target 1'
compiling room2.c...
room2.c(153): warning:  #111-D: statement is unreachable
linking...
Program Size: Code=2060 RO-data=16 RW-data=0 ZI-data=1256  
FromELF: creating hex file...
"room2.axf" - 0 Error(s), 1 Warning(s).
Build target 'Target 1'
linking...
Program Size: Code=2060 RO-data=16 RW-data=0 ZI-data=1256  
FromELF: creating hex file...
"room2.axf" - 0 Error(s), 0 Warning(s).
Build target 'Target 1'
linking...
Program Size: Code=2060 RO-data=16 RW-data=0 ZI-data=1256  
FromELF: creating hex file...
"room2.axf" - 0 Error(s), 0 Warning(s).
Build target 'Target 1'
linking...
Program Size: Code=2060 RO-data=16 RW-data=0 ZI-data=1256  
FromELF: creating hex file...
"room2.axf" - 0 Error(s), 0 Warning(s).
Build target 'Target 1'
linking...
Program Size: Code=2060 RO-data=16 RW-data=0 ZI-data=1256  
FromELF: creating hex file...
"room2.axf" - 0 Error(s), 0 Warning(s).
Build target 'Target 1'
linking...
Program Size: Code=2060 RO-data=16 RW-data=0 ZI-data=1256  
FromELF: creating hex file...
"room2.axf" - 0 Error(s), 0 Warning(s).
Build target 'Target 1'
linking...
Program Size: Code=2060 RO-data=16 RW-data=0 ZI-data=1256  
FromELF: creating hex file...
"room2.axf" - 0 Error(s), 0 Warning(s).
Build target 'Target 1'
linking...
Program Size: Code=2060 RO-data=16 RW-data=0 ZI-data=1256  
FromELF: creating hex file...
"room2.axf" - 0 Error(s), 0 Warning(s).
Build target 'Target 1'
linking...
Program Size: Code=2060 RO-data=16 RW-data=0 ZI-data=1256  
FromELF: creating hex file...
"room2.axf" - 0 Error(s), 0 Warning(s).
Build target 'Target 1'
linking...
Program Size: Code=2060 RO-data=16 RW-data=0 ZI-data=1256  
FromELF: creating hex file...
"room2.axf" - 0 Error(s), 0 Warning(s).
Build target 'Target 1'
linking...
Program Size: Code=2060 RO-data=16 RW-data=0 ZI-data=1256  
FromELF: creating hex file...
"room2.axf" - 0 Error(s), 0 Warning(s).
Build target 'Target 1'
linking...
Program Size: Code=2060 RO-data=16 RW-data=0 ZI-data=1256  
FromELF: creating hex file...
"room2.axf" - 0 Error(s), 0 Warning(s).
Build target 'Target 1'
compiling room2.c...
room2.c(154): warning:  #111-D: statement is unreachable
linking...
Program Size: Code=2060 RO-data=16 RW-data=0 ZI-data=1256  
FromELF: creating hex file...
"room2.axf" - 0 Error(s), 1 Warning(s).
Build target 'Target 1'
linking...
Program Size: Code=2060 RO-data=16 RW-data=0 ZI-data=1256  
FromELF: creating hex file...
"room2.axf" - 0 Error(s), 0 Warning(s).
Build target 'Target 1'
linking...
Program Size: Code=2060 RO-data=16 RW-data=0 ZI-data=1256  
FromELF: creating hex file...
"room2.axf" - 0 Error(s), 0 Warning(s).
Build target 'Target 1'
linking...
Program Size: Code=2060 RO-data=16 RW-data=0 ZI-data=1256  
FromELF: creating hex file...
"room2.axf" - 0 Error(s), 0 Warning(s).
Build target 'Target 1'
linking...
Program Size: Code=2060 RO-data=16 RW-data=0 ZI-data=1256  
FromELF: creating hex file...
"room2.axf" - 0 Error(s), 0 Warning(s).
Build target 'Target 1'
linking...
Program Size: Code=2060 RO-data=16 RW-data=0 ZI-data=1256  
FromELF: creating hex file...
"room2.axf" - 0 Error(s), 0 Warning(s).
Build target 'Target 1'
linking...
Program Size: Code=2060 RO-data=16 RW-data=0 ZI-data=1256  
FromELF: creating hex file...
"room2.axf" - 0 Error(s), 0 Warning(s).
Build target 'Target 1'
linking...
Program Size: Code=2060 RO-data=16 RW-data=0 ZI-data=1256  
FromELF: creating hex file...
"room2.axf" - 0 Error(s), 0 Warning(s).
Build target 'Target 1'
linking...
Program Size: Code=2060 RO-data=16 RW-data=0 ZI-data=1256  
FromELF: creating hex file...
"room2.axf" - 0 Error(s), 0 Warning(s).
Build target 'Target 1'
linking...
Program Size: Code=2060 RO-data=16 RW-data=0 ZI-data=1256  
FromELF: creating hex file...
"room2.axf" - 0 Error(s), 0 Warning(s).
Build target 'Target 1'
linking...
Program Size: Code=2060 RO-data=16 RW-data=0 ZI-data=1256  
FromELF: creating hex file...
"room2.axf" - 0 Error(s), 0 Warning(s).
Build target 'Target 1'
linking...
Program Size: Code=2060 RO-data=16 RW-data=0 ZI-data=1256  
FromELF: creating hex file...
"room2.axf" - 0 Error(s), 0 Warning(s).
Build target 'Target 1'
linking...
Program Size: Code=2060 RO-data=16 RW-data=0 ZI-data=1256  
FromELF: creating hex file...
"room2.axf" - 0 Error(s), 0 Warning(s).
Build target 'Target 1'
linking...
Program Size: Code=2060 RO-data=16 RW-data=0 ZI-data=1256  
FromELF: creating hex file...
"room2.axf" - 0 Error(s), 0 Warning(s).
Build target 'Target 1'
linking...
Program Size: Code=2060 RO-data=16 RW-data=0 ZI-data=1256  
FromELF: creating hex file...
"room2.axf" - 0 Error(s), 0 Warning(s).
Build target 'Target 1'
linking...
Program Size: Code=2060 RO-data=16 RW-data=0 ZI-data=1256  
FromELF: creating hex file...
"room2.axf" - 0 Error(s), 0 Warning(s).
Build target 'Target 1'
linking...
Program Size: Code=2060 RO-data=16 RW-data=0 ZI-data=1256  
FromELF: creating hex file...
"room2.axf" - 0 Error(s), 0 Warning(s).
Build target 'Target 1'
linking...
Program Size: Code=2060 RO-data=16 RW-data=0 ZI-data=1256  
FromELF: creating hex file...
"room2.axf" - 0 Error(s), 0 Warning(s).
Build target 'Target 1'
linking...
Program Size: Code=2060 RO-data=16 RW-data=0 ZI-data=1256  
FromELF: creating hex file...
"room2.axf" - 0 Error(s), 0 Warning(s).
Build target 'Target 1'
linking...
Program Size: Code=2060 RO-data=16 RW-data=0 ZI-data=1256  
FromELF: creating hex file...
"room2.axf" - 0 Error(s), 0 Warning(s).
Build target 'Target 1'
linking...
Program Size: Code=2060 RO-data=16 RW-data=0 ZI-data=1256  
FromELF: creating hex file...
"room2.axf" - 0 Error(s), 0 Warning(s).
Build target 'Target 1'
linking...
Program Size: Code=2060 RO-data=16 RW-data=0 ZI-data=1256  
FromELF: creating hex file...
"room2.axf" - 0 Error(s), 0 Warning(s).
Build target 'Target 1'
linking...
Program Size: Code=2060 RO-data=16 RW-data=0 ZI-data=1256  
FromELF: creating hex file...
"room2.axf" - 0 Error(s), 0 Warning(s).
Build target 'Target 1'
linking...
Program Size: Code=2060 RO-data=16 RW-data=0 ZI-data=1256  
FromELF: creating hex file...
"room2.axf" - 0 Error(s), 0 Warning(s).
Build target 'Target 1'
linking...
Program Size: Code=2060 RO-data=16 RW-data=0 ZI-data=1256  
FromELF: creating hex file...
"room2.axf" - 0 Error(s), 0 Warning(s).
Build target 'Target 1'
linking...
Program Size: Code=2060 RO-data=16 RW-data=0 ZI-data=1256  
FromELF: creating hex file...
"room2.axf" - 0 Error(s), 0 Warning(s).
Build target 'Target 1'
linking...
Program Size: Code=2060 RO-data=16 RW-data=0 ZI-data=1256  
FromELF: creating hex file...
"room2.axf" - 0 Error(s), 0 Warning(s).
Build target 'Target 1'
linking...
Program Size: Code=2060 RO-data=16 RW-data=0 ZI-data=1256  
FromELF: creating hex file...
"room2.axf" - 0 Error(s), 0 Warning(s).
Build target 'Target 1'
linking...
Program Size: Code=2060 RO-data=16 RW-data=0 ZI-data=1256  
FromELF: creating hex file...
"room2.axf" - 0 Error(s), 0 Warning(s).
Build target 'Target 1'
linking...
Program Size: Code=2060 RO-data=16 RW-data=0 ZI-data=1256  
FromELF: creating hex file...
"room2.axf" - 0 Error(s), 0 Warning(s).
Build target 'Target 1'
linking...
Program Size: Code=2060 RO-data=16 RW-data=0 ZI-data=1256  
FromELF: creating hex file...
"room2.axf" - 0 Error(s), 0 Warning(s).
Build target 'Target 1'
linking...
Program Size: Code=2060 RO-data=16 RW-data=0 ZI-data=1256  
FromELF: creating hex file...
"room2.axf" - 0 Error(s), 0 Warning(s).
Build target 'Target 1'
linking...
Program Size: Code=2060 RO-data=16 RW-data=0 ZI-data=1256  
FromELF: creating hex file...
"room2.axf" - 0 Error(s), 0 Warning(s).
Build target 'Target 1'
linking...
Program Size: Code=2060 RO-data=16 RW-data=0 ZI-data=1256  
FromELF: creating hex file...
"room2.axf" - 0 Error(s), 0 Warning(s).
Build target 'Target 1'
linking...
Program Size: Code=2060 RO-data=16 RW-data=0 ZI-data=1256  
FromELF: creating hex file...
"room2.axf" - 0 Error(s), 0 Warning(s).
Build target 'Target 1'
linking...
Program Size: Code=2060 RO-data=16 RW-data=0 ZI-data=1256  
FromELF: creating hex file...
"room2.axf" - 0 Error(s), 0 Warning(s).
